../Core/Src/main.c:2652:6:servoMotor_Task	0	static
../Core/Src/main.c:2717:6:BatterReader_Task	0	static
../Core/Src/main.c:2432:6:Command_Task	8	static
../Core/Src/main.c:2344:6:displayOLED_Task	48	static
../Core/Src/main.c:1067:6:Set_Motor_Direction.part.0	8	static
../Core/Src/main.c:469:6:SystemClock_Config	88	static,ignoring_inline_asm
../Core/Src/main.c:329:5:main	120	static,ignoring_inline_asm
../Core/Src/main.c:1067:6:Set_Motor_Direction	8	static
../Core/Src/main.c:1089:5:Calculate_IntervalPulse	0	static
../Core/Src/main.c:1112:6:Calculate_Target_Ticks	8	static
../Core/Src/main.c:1117:6:Calculate_Car_Distance	24	static
../Core/Src/main.c:1139:6:Init_Duty_Config	16	static
../Core/Src/main.c:1158:6:Reset_Duty_Config	8	static
../Core/Src/main.c:1175:6:DC_PID_Control	16	static
../Core/Src/main.c:1232:6:SERVO_PID_Control	16	static
../Core/Src/main.c:1263:6:Update_Wheel_EncoderConfig	0	static
../Core/Src/main.c:1269:6:Wheel_Odometry	8	static
../Core/Src/main.c:1286:6:Read_Gyro_DataZ	32	static
../Core/Src/main.c:1291:6:SERVO_Straight_Control	48	static
../Core/Src/main.c:1334:6:Calculate_StraightLine	48	static
../Core/Src/main.c:1555:6:Servo_Turn_Right_180	8	static
../Core/Src/main.c:1570:6:Servo_Turn_Left_180	8	static
../Core/Src/main.c:1630:6:Servo_Turn_Right_180_Back	8	static
../Core/Src/main.c:1646:6:Servo_Turn_Left_180_Back	8	static
../Core/Src/main.c:1662:6:Task2_Servo_Turn_Right	40	static
../Core/Src/main.c:1694:6:Task2_Part1_Servo_Turn_Left	16	static
../Core/Src/main.c:1751:6:Task2_Part1_Servo_Turn_Right	16	static
../Core/Src/main.c:1808:6:Task2_Part2_Servo_Turn_Left	24	static
../Core/Src/main.c:2187:6:StartDefaultTask	16	static
../Core/Src/main.c:1866:6:Task2_Part2_Servo_Turn_Right	24	static
../Core/Src/main.c:1924:6:Task2_Part3_Servo_Return_Right	16	static
../Core/Src/main.c:1973:6:DC_MoveForward	32	static
../Core/Src/main.c:2011:6:DC_MoveDistForward	48	static
../Core/Src/main.c:1363:6:Servo_Turn_Right_90	32	static
../Core/Src/main.c:1384:6:Servo_Turn_Right_90_2	24	static
../Core/Src/main.c:1403:6:Servo_Turn_Left_90	32	static
../Core/Src/main.c:1424:6:Servo_Turn_Left_90_2	32	static
../Core/Src/main.c:1444:6:Servo_Turn_RightLeft	48	static
../Core/Src/main.c:1471:6:Servo_Turn_LeftRight	48	static
../Core/Src/main.c:1498:6:Servo_Turn_RightLeft_Back	48	static
../Core/Src/main.c:1527:6:Servo_Turn_LeftRight_Back	48	static
../Core/Src/main.c:1586:6:Servo_Turn_Right_90_Back	32	static
../Core/Src/main.c:1608:6:Servo_Turn_Left_90_Back	32	static
../Core/Src/main.c:2079:5:CommandQueue_IsEmpty	0	static
../Core/Src/main.c:2086:6:CommandQueue_Enqueue	8	static
../Core/Src/main.c:2092:6:CommandQueue_Dequeue	8	static
../Core/Src/main.c:2100:6:CurrentCommand_Clear	0	static
../Core/Src/main.c:2105:6:CurrentCommand_Pending	0	static
../Core/Src/main.c:2109:6:Task_ACK	24	static
../Core/Src/main.c:979:6:HAL_UART_RxCpltCallback	24	static
../Core/Src/main.c:2525:6:MoveDistance_Task	16	static
../Core/Src/main.c:2115:6:Task_END	0	static
../Core/Src/main.c:2120:6:ADC_Read_Distance	16	static
../Core/Src/main.c:2133:6:US_Read_Distance	8	static
../Core/Src/main.c:2141:6:HAL_TIM_IC_CaptureCallback	16	static
../Core/Src/main.c:2740:6:HAL_TIM_PeriodElapsedCallback	0	static
../Core/Src/main.c:2757:6:Error_Handler	0	static,ignoring_inline_asm
