../Core/Src/main.c:334:5:main	16	static
../Core/Src/main.c:474:6:SystemClock_Config	88	static
../Core/Src/main.c:516:13:MX_ADC1_Init	24	static
../Core/Src/main.c:568:13:MX_ADC2_Init	24	static
../Core/Src/main.c:620:13:MX_I2C1_Init	8	static
../Core/Src/main.c:654:13:MX_TIM1_Init	96	static
../Core/Src/main.c:728:13:MX_TIM2_Init	56	static
../Core/Src/main.c:777:13:MX_TIM3_Init	56	static
../Core/Src/main.c:826:13:MX_TIM8_Init	96	static
../Core/Src/main.c:904:13:MX_USART3_UART_Init	8	static
../Core/Src/main.c:937:13:MX_GPIO_Init	48	static
../Core/Src/main.c:984:6:HAL_UART_RxCpltCallback	24	static
../Core/Src/main.c:1083:6:Set_Motor_Direction	16	static
../Core/Src/main.c:1105:5:Calculate_IntervalPulse	32	static
../Core/Src/main.c:1128:6:Calculate_Target_Ticks	16	static
../Core/Src/main.c:1133:6:Calculate_Car_Distance	40	static
../Core/Src/main.c:1155:6:Init_Duty_Config	16	static
../Core/Src/main.c:1174:6:Reset_Duty_Config	8	static
../Core/Src/main.c:1191:6:DC_PID_Control	32	static
../Core/Src/main.c:1248:6:SERVO_PID_Control	24	static
../Core/Src/main.c:1275:6:Update_Wheel_EncoderConfig	16	static
../Core/Src/main.c:1281:6:Wheel_Odometry	24	static
../Core/Src/main.c:1298:6:Read_Gyro_DataZ	32	static
../Core/Src/main.c:1303:6:SERVO_Straight_Control	56	static
../Core/Src/main.c:1346:6:Calculate_StraightLine	32	static
../Core/Src/main.c:1375:6:Servo_Turn_Right_90	8	static
../Core/Src/main.c:1393:6:Servo_Turn_Right_90_2	8	static
../Core/Src/main.c:1412:6:Servo_Turn_Left_90	8	static
../Core/Src/main.c:1432:6:Servo_Turn_Left_90_2	8	static
../Core/Src/main.c:1452:6:Servo_Turn_RightLeft_Indoor	8	static
../Core/Src/main.c:1478:6:Servo_Turn_LeftRight_Indoor	8	static
../Core/Src/main.c:1504:6:Servo_Turn_LeftRight_Outdoor	8	static
../Core/Src/main.c:1532:6:Servo_Turn_RightLeft_Outdoor	8	static
../Core/Src/main.c:1560:6:Servo_Turn_RightLeft	8	static
../Core/Src/main.c:1587:6:Servo_Turn_LeftRight	8	static
../Core/Src/main.c:1615:6:Servo_Turn_RightLeft_Back	8	static
../Core/Src/main.c:1644:6:Servo_Turn_LeftRight_Back	8	static
../Core/Src/main.c:1672:6:Servo_Turn_Right_180	8	static
../Core/Src/main.c:1687:6:Servo_Turn_Left_180	8	static
../Core/Src/main.c:1703:6:Servo_Turn_Right_90_Back	8	static
../Core/Src/main.c:1725:6:Servo_Turn_Left_90_Back	8	static
../Core/Src/main.c:1747:6:Servo_Turn_Right_180_Back	8	static
../Core/Src/main.c:1763:6:Servo_Turn_Left_180_Back	8	static
../Core/Src/main.c:1780:6:Task2_Part1_Servo_Turn_Left_Indoor	8	static
../Core/Src/main.c:1801:6:Task2_Part1_Servo_Turn_Left_Outdoor	8	static
../Core/Src/main.c:1822:6:Task2_Part1_Servo_Turn_Right_Indoor	8	static
../Core/Src/main.c:1871:6:Task2_Part1_Servo_Turn_Right_Outdoor	8	static
../Core/Src/main.c:1895:6:Task2_Part2_Servo_Turn_Left_Indoor	8	static
../Core/Src/main.c:1925:6:Task2_Part2_Servo_Turn_Left_Outdoor	8	static
../Core/Src/main.c:1954:6:Task2_Part2_Servo_Turn_Right_Indoor	8	static
../Core/Src/main.c:1980:6:Task2_Part2_Servo_Turn_Right_Outdoor	8	static
../Core/Src/main.c:2100:6:Task2_Part3_Servo_Return_Right	8	static
../Core/Src/main.c:2104:6:Task2_Part3_Servo_Return_Left	8	static
../Core/Src/main.c:2107:6:DC_MoveForward	24	static
../Core/Src/main.c:2145:6:DC_MoveDistForward	40	static
../Core/Src/main.c:2215:5:CommandQueue_IsEmpty	16	static
../Core/Src/main.c:2222:6:CommandQueue_Enqueue	16	static
../Core/Src/main.c:2228:6:CommandQueue_Dequeue	16	static
../Core/Src/main.c:2234:6:CurrentCommand_Clear	16	static
../Core/Src/main.c:2239:6:CurrentCommand_Pending	16	static
../Core/Src/main.c:2243:6:Task_ACK	24	static
../Core/Src/main.c:2249:6:Task_END	4	static
../Core/Src/main.c:2254:6:ADC_Read_Distance	16	static
../Core/Src/main.c:2267:6:US_Read_Distance	8	static
../Core/Src/main.c:2275:6:HAL_TIM_IC_CaptureCallback	16	static
../Core/Src/main.c:2321:6:StartDefaultTask	48	static
../Core/Src/main.c:2359:6:displayOLED_Task	80	static
../Core/Src/main.c:2447:6:Command_Task	16	static
../Core/Src/main.c:2534:6:MoveDistance_Task	24	static
../Core/Src/main.c:2675:6:servoMotor_Task	16	static
../Core/Src/main.c:2704:6:BatterReader_Task	16	static
../Core/Src/main.c:2727:6:HAL_TIM_PeriodElapsedCallback	16	static
../Core/Src/main.c:2744:6:Error_Handler	4	static,ignoring_inline_asm
